[debug] [2025-09-06T03:57:50.210Z] ----------------------------------------------------------------------
[debug] [2025-09-06T03:57:50.220Z] Command:       /Users/harryhou/.nvm/versions/node/v20.19.4/bin/node /Users/harryhou/.nvm/versions/node/v20.19.4/bin/firebase deploy --only functions
[debug] [2025-09-06T03:57:50.221Z] CLI Version:   14.12.0
[debug] [2025-09-06T03:57:50.221Z] Platform:      darwin
[debug] [2025-09-06T03:57:50.221Z] Node Version:  v20.19.4
[debug] [2025-09-06T03:57:50.221Z] Time:          Sat Sep 06 2025 11:57:50 GMT+0800 (Taiwan Standard Time)
[debug] [2025-09-06T03:57:50.222Z] ----------------------------------------------------------------------
[debug] 
[debug] [2025-09-06T03:57:50.420Z] > command requires scopes: ["email","openid","https://www.googleapis.com/auth/cloudplatformprojects.readonly","https://www.googleapis.com/auth/firebase","https://www.googleapis.com/auth/cloud-platform"]
[debug] [2025-09-06T03:57:50.421Z] > authorizing via signed-in user (houharry1107@gmail.com)
[debug] [2025-09-06T03:57:50.421Z] [iam] checking project yapyap-a750c for permissions ["cloudfunctions.functions.create","cloudfunctions.functions.delete","cloudfunctions.functions.get","cloudfunctions.functions.list","cloudfunctions.functions.update","cloudfunctions.operations.get","firebase.projects.get"]
[debug] [2025-09-06T03:57:50.422Z] Checked if tokens are valid: true, expires at: 1757133151971
[debug] [2025-09-06T03:57:50.422Z] Checked if tokens are valid: true, expires at: 1757133151971
[debug] [2025-09-06T03:57:50.423Z] >>> [apiv2][query] POST https://cloudresourcemanager.googleapis.com/v1/projects/yapyap-a750c:testIamPermissions [none]
[debug] [2025-09-06T03:57:50.423Z] >>> [apiv2][(partial)header] POST https://cloudresourcemanager.googleapis.com/v1/projects/yapyap-a750c:testIamPermissions x-goog-quota-user=projects/yapyap-a750c
[debug] [2025-09-06T03:57:50.423Z] >>> [apiv2][body] POST https://cloudresourcemanager.googleapis.com/v1/projects/yapyap-a750c:testIamPermissions {"permissions":["cloudfunctions.functions.create","cloudfunctions.functions.delete","cloudfunctions.functions.get","cloudfunctions.functions.list","cloudfunctions.functions.update","cloudfunctions.operations.get","firebase.projects.get"]}
[debug] [2025-09-06T03:57:51.418Z] <<< [apiv2][status] POST https://cloudresourcemanager.googleapis.com/v1/projects/yapyap-a750c:testIamPermissions 200
[debug] [2025-09-06T03:57:51.418Z] <<< [apiv2][body] POST https://cloudresourcemanager.googleapis.com/v1/projects/yapyap-a750c:testIamPermissions {"permissions":["cloudfunctions.functions.create","cloudfunctions.functions.delete","cloudfunctions.functions.get","cloudfunctions.functions.list","cloudfunctions.functions.update","cloudfunctions.operations.get","firebase.projects.get"]}
[debug] [2025-09-06T03:57:51.418Z] Checked if tokens are valid: true, expires at: 1757133151971
[debug] [2025-09-06T03:57:51.419Z] Checked if tokens are valid: true, expires at: 1757133151971
[debug] [2025-09-06T03:57:51.419Z] >>> [apiv2][query] POST https://iam.googleapis.com/v1/projects/yapyap-a750c/serviceAccounts/yapyap-a750c@appspot.gserviceaccount.com:testIamPermissions [none]
[debug] [2025-09-06T03:57:51.419Z] >>> [apiv2][body] POST https://iam.googleapis.com/v1/projects/yapyap-a750c/serviceAccounts/yapyap-a750c@appspot.gserviceaccount.com:testIamPermissions {"permissions":["iam.serviceAccounts.actAs"]}
[debug] [2025-09-06T03:57:52.488Z] <<< [apiv2][status] POST https://iam.googleapis.com/v1/projects/yapyap-a750c/serviceAccounts/yapyap-a750c@appspot.gserviceaccount.com:testIamPermissions 200
[debug] [2025-09-06T03:57:52.488Z] <<< [apiv2][body] POST https://iam.googleapis.com/v1/projects/yapyap-a750c/serviceAccounts/yapyap-a750c@appspot.gserviceaccount.com:testIamPermissions {"permissions":["iam.serviceAccounts.actAs"]}
[info] 
[info] === Deploying to 'yapyap-a750c'...
[info] 
[info] i  deploying functions 
[info] Running command: npm --prefix "$RESOURCE_DIR" run build
[info] ✔  functions: Finished running predeploy script. 
[debug] [2025-09-06T03:57:55.603Z] Checked if tokens are valid: true, expires at: 1757133151971
[debug] [2025-09-06T03:57:55.603Z] Checked if tokens are valid: true, expires at: 1757133151971
[debug] [2025-09-06T03:57:55.603Z] >>> [apiv2][query] GET https://cloudresourcemanager.googleapis.com/v1/projects/yapyap-a750c [none]
[debug] [2025-09-06T03:57:55.815Z] <<< [apiv2][status] GET https://cloudresourcemanager.googleapis.com/v1/projects/yapyap-a750c 200
[debug] [2025-09-06T03:57:55.815Z] <<< [apiv2][body] GET https://cloudresourcemanager.googleapis.com/v1/projects/yapyap-a750c {"projectNumber":"175735257281","projectId":"yapyap-a750c","lifecycleState":"ACTIVE","name":"yapyap","labels":{"firebase":"enabled","firebase-core":"disabled"},"createTime":"2025-07-23T13:28:16.281193Z"}
[info] i  functions: preparing codebase default for deployment 
[info] i  functions: ensuring required API cloudfunctions.googleapis.com is enabled... 
[info] i  functions: ensuring required API cloudbuild.googleapis.com is enabled... 
[info] i  artifactregistry: ensuring required API artifactregistry.googleapis.com is enabled... 
[debug] [2025-09-06T03:57:55.818Z] Checked if tokens are valid: true, expires at: 1757133151971
[debug] [2025-09-06T03:57:55.818Z] Checked if tokens are valid: true, expires at: 1757133151971
[debug] [2025-09-06T03:57:55.819Z] >>> [apiv2][query] GET https://firebase.googleapis.com/v1beta1/projects/yapyap-a750c/adminSdkConfig [none]
[debug] [2025-09-06T03:57:56.142Z] <<< [apiv2][status] GET https://firebase.googleapis.com/v1beta1/projects/yapyap-a750c/adminSdkConfig 200
[debug] [2025-09-06T03:57:56.142Z] <<< [apiv2][body] GET https://firebase.googleapis.com/v1beta1/projects/yapyap-a750c/adminSdkConfig {"projectId":"yapyap-a750c","storageBucket":"yapyap-a750c.firebasestorage.app"}
[debug] [2025-09-06T03:57:56.143Z] Checked if tokens are valid: true, expires at: 1757133151971
[debug] [2025-09-06T03:57:56.143Z] Checked if tokens are valid: true, expires at: 1757133151971
[debug] [2025-09-06T03:57:56.143Z] >>> [apiv2][query] GET https://runtimeconfig.googleapis.com/v1beta1/projects/yapyap-a750c/configs [none]
[debug] [2025-09-06T03:57:56.552Z] <<< [apiv2][status] GET https://runtimeconfig.googleapis.com/v1beta1/projects/yapyap-a750c/configs 200
[debug] [2025-09-06T03:57:56.552Z] <<< [apiv2][body] GET https://runtimeconfig.googleapis.com/v1beta1/projects/yapyap-a750c/configs {}
[debug] [2025-09-06T03:57:56.555Z] Validating nodejs source
[debug] [2025-09-06T03:57:57.259Z] > [functions] package.json contents: {
  "name": "functions",
  "private": true,
  "main": "lib/index.js",
  "type": "commonjs",
  "engines": {
    "node": "20"
  },
  "scripts": {
    "build": "tsc",
    "build:watch": "tsc --watch",
    "serve": "npm run build && firebase emulators:start --only functions",
    "shell": "npm run build && firebase functions:shell",
    "start": "npm run shell",
    "deploy": "npm run build && firebase deploy --only functions",
    "logs": "firebase functions:log"
  },
  "dependencies": {
    "expo-device": "~7.1.4",
    "expo-notifications": "~0.31.4",
    "firebase-admin": "^13.5.0",
    "firebase-functions": "^6.4.0"
  },
  "devDependencies": {
    "@types/node": "^24.3.1",
    "ts-node": "^10.9.2",
    "typescript": "^5.9.2"
  }
}
[debug] [2025-09-06T03:57:57.259Z] Building nodejs source
[info] i  functions: Loading and analyzing source code for codebase default to determine what to deploy 
[debug] [2025-09-06T03:57:57.261Z] Could not find functions.yaml. Must use http discovery
[debug] [2025-09-06T03:57:57.275Z] Found firebase-functions binary at '/Users/harryhou/Desktop/Yapyap/functions/node_modules/.bin/firebase-functions'
[info] Serving at port 8682

[debug] [2025-09-06T03:57:57.891Z] Got response from /__/functions.yaml {"endpoints":{"bumpCommentCountOnCreate":{"availableMemoryMb":null,"timeoutSeconds":null,"minInstances":null,"maxInstances":null,"ingressSettings":null,"concurrency":null,"serviceAccountEmail":null,"vpc":null,"platform":"gcfv2","region":["asia-east1"],"labels":{},"eventTrigger":{"eventType":"google.cloud.firestore.document.v1.created","eventFilters":{"database":"(default)","namespace":"(default)"},"eventFilterPathPatterns":{"document":"posts/{postId}/comments/{commentId}"},"retry":false},"entryPoint":"bumpCommentCountOnCreate"},"bumpCommentCountOnDelete":{"availableMemoryMb":null,"timeoutSeconds":null,"minInstances":null,"maxInstances":null,"ingressSettings":null,"concurrency":null,"serviceAccountEmail":null,"vpc":null,"platform":"gcfv2","region":["asia-east1"],"labels":{},"eventTrigger":{"eventType":"google.cloud.firestore.document.v1.deleted","eventFilters":{"database":"(default)","namespace":"(default)"},"eventFilterPathPatterns":{"document":"posts/{postId}/comments/{commentId}"},"retry":false},"entryPoint":"bumpCommentCountOnDelete"},"castVote":{"availableMemoryMb":null,"timeoutSeconds":null,"minInstances":null,"maxInstances":null,"ingressSettings":null,"concurrency":null,"serviceAccountEmail":null,"vpc":null,"platform":"gcfv2","region":["asia-east1"],"labels":{},"callableTrigger":{},"entryPoint":"castVote"}},"specVersion":"v1alpha1","requiredAPIs":[],"extensions":{}}
[info] i  extensions: ensuring required API firebaseextensions.googleapis.com is enabled... 
[debug] [2025-09-06T03:58:01.920Z] > command requires scopes: ["email","openid","https://www.googleapis.com/auth/cloudplatformprojects.readonly","https://www.googleapis.com/auth/firebase","https://www.googleapis.com/auth/cloud-platform"]
[debug] [2025-09-06T03:58:01.921Z] > authorizing via signed-in user (houharry1107@gmail.com)
[debug] [2025-09-06T03:58:01.921Z] [iam] checking project yapyap-a750c for permissions ["firebase.projects.get","firebaseextensions.instances.list"]
[debug] [2025-09-06T03:58:01.921Z] Checked if tokens are valid: true, expires at: 1757133151971
[debug] [2025-09-06T03:58:01.921Z] Checked if tokens are valid: true, expires at: 1757133151971
[debug] [2025-09-06T03:58:01.921Z] >>> [apiv2][query] POST https://cloudresourcemanager.googleapis.com/v1/projects/yapyap-a750c:testIamPermissions [none]
[debug] [2025-09-06T03:58:01.921Z] >>> [apiv2][(partial)header] POST https://cloudresourcemanager.googleapis.com/v1/projects/yapyap-a750c:testIamPermissions x-goog-quota-user=projects/yapyap-a750c
[debug] [2025-09-06T03:58:01.921Z] >>> [apiv2][body] POST https://cloudresourcemanager.googleapis.com/v1/projects/yapyap-a750c:testIamPermissions {"permissions":["firebase.projects.get","firebaseextensions.instances.list"]}
[debug] [2025-09-06T03:58:02.145Z] <<< [apiv2][status] POST https://cloudresourcemanager.googleapis.com/v1/projects/yapyap-a750c:testIamPermissions 200
[debug] [2025-09-06T03:58:02.145Z] <<< [apiv2][body] POST https://cloudresourcemanager.googleapis.com/v1/projects/yapyap-a750c:testIamPermissions {"permissions":["firebase.projects.get","firebaseextensions.instances.list"]}
[debug] [2025-09-06T03:58:02.146Z] Checked if tokens are valid: true, expires at: 1757133151971
[debug] [2025-09-06T03:58:02.146Z] Checked if tokens are valid: true, expires at: 1757133151971
[debug] [2025-09-06T03:58:02.147Z] >>> [apiv2][query] GET https://firebaseextensions.googleapis.com/v1beta/projects/yapyap-a750c/instances pageSize=100&pageToken=
[debug] [2025-09-06T03:58:03.208Z] <<< [apiv2][status] GET https://firebaseextensions.googleapis.com/v1beta/projects/yapyap-a750c/instances 200
[debug] [2025-09-06T03:58:03.208Z] <<< [apiv2][body] GET https://firebaseextensions.googleapis.com/v1beta/projects/yapyap-a750c/instances {}
[info] i  functions: preparing functions directory for uploading... 
[info] i  functions: packaged /Users/harryhou/Desktop/Yapyap/functions (54.87 KB) for uploading 
[debug] [2025-09-06T03:58:03.267Z] Checked if tokens are valid: true, expires at: 1757133151971
[debug] [2025-09-06T03:58:03.267Z] Checked if tokens are valid: true, expires at: 1757133151971
[debug] [2025-09-06T03:58:03.267Z] >>> [apiv2][query] GET https://cloudfunctions.googleapis.com/v1/projects/yapyap-a750c/locations/-/functions [none]
[debug] [2025-09-06T03:58:04.358Z] <<< [apiv2][status] GET https://cloudfunctions.googleapis.com/v1/projects/yapyap-a750c/locations/-/functions 200
[debug] [2025-09-06T03:58:04.358Z] <<< [apiv2][body] GET https://cloudfunctions.googleapis.com/v1/projects/yapyap-a750c/locations/-/functions {}
[debug] [2025-09-06T03:58:04.359Z] Checked if tokens are valid: true, expires at: 1757133151971
[debug] [2025-09-06T03:58:04.359Z] Checked if tokens are valid: true, expires at: 1757133151971
[debug] [2025-09-06T03:58:04.359Z] >>> [apiv2][query] GET https://cloudfunctions.googleapis.com/v2/projects/yapyap-a750c/locations/-/functions filter=environment%3D%22GEN_2%22
[debug] [2025-09-06T03:58:05.687Z] <<< [apiv2][status] GET https://cloudfunctions.googleapis.com/v2/projects/yapyap-a750c/locations/-/functions 200
[debug] [2025-09-06T03:58:05.688Z] <<< [apiv2][body] GET https://cloudfunctions.googleapis.com/v2/projects/yapyap-a750c/locations/-/functions {"functions":[{"name":"projects/yapyap-a750c/locations/asia-east1/functions/castVote","buildConfig":{"build":"projects/175735257281/locations/asia-east1/builds/a9bc3ea7-16b0-41ad-b23d-a4d323d8825e","runtime":"nodejs20","entryPoint":"castVote","source":{"storageSource":{"bucket":"gcf-v2-sources-175735257281-asia-east1","object":"castVote/function-source.zip","generation":"1754928477019272"}},"environmentVariables":{"GOOGLE_NODE_RUN_SCRIPTS":""},"dockerRepository":"projects/yapyap-a750c/locations/asia-east1/repositories/gcf-artifacts","sourceProvenance":{"resolvedStorageSource":{"bucket":"gcf-v2-sources-175735257281-asia-east1","object":"castVote/function-source.zip","generation":"1754928477019272"}},"dockerRegistry":"ARTIFACT_REGISTRY","serviceAccount":"projects/yapyap-a750c/serviceAccounts/175735257281-compute@developer.gserviceaccount.com","automaticUpdatePolicy":{}},"serviceConfig":{"service":"projects/yapyap-a750c/locations/asia-east1/services/castvote","timeoutSeconds":60,"environmentVariables":{"FIREBASE_CONFIG":"{\"projectId\":\"yapyap-a750c\",\"storageBucket\":\"yapyap-a750c.firebasestorage.app\"}","GCLOUD_PROJECT":"yapyap-a750c","EVENTARC_CLOUD_EVENT_SOURCE":"projects/yapyap-a750c/locations/asia-east1/services/castVote","FUNCTION_TARGET":"castVote","LOG_EXECUTION_ID":"true"},"maxInstanceCount":20,"ingressSettings":"ALLOW_ALL","uri":"https://castvote-tk66pv64oq-de.a.run.app","serviceAccountEmail":"175735257281-compute@developer.gserviceaccount.com","availableMemory":"256Mi","allTrafficOnLatestRevision":true,"revision":"castvote-00001-seh","maxInstanceRequestConcurrency":80,"availableCpu":"1"},"state":"DEPLOYING","updateTime":"2025-09-06T03:57:30.689444044Z","labels":{"deployment-tool":"cli-firebase","deployment-callable":"true","firebase-functions-hash":"0792cccb6a21bad3439ca30b7e741974848552c7"},"environment":"GEN_2","url":"https://asia-east1-yapyap-a750c.cloudfunctions.net/castVote","createTime":"2025-08-11T16:07:57.457519256Z","satisfiesPzi":true},{"name":"projects/yapyap-a750c/locations/asia-east1/functions/bumpCommentCountOnDelete","buildConfig":{"build":"projects/175735257281/locations/asia-east1/builds/a9bc3ea7-16b0-41ad-b23d-a4d323d8825e","runtime":"nodejs20","entryPoint":"bumpCommentCountOnDelete","source":{"storageSource":{"bucket":"gcf-v2-sources-175735257281-asia-east1","object":"bumpCommentCountOnDelete/function-source.zip","generation":"1754928535301095"}},"environmentVariables":{"GOOGLE_NODE_RUN_SCRIPTS":""},"dockerRepository":"projects/yapyap-a750c/locations/asia-east1/repositories/gcf-artifacts","sourceProvenance":{"resolvedStorageSource":{"bucket":"gcf-v2-sources-175735257281-asia-east1","object":"bumpCommentCountOnDelete/function-source.zip","generation":"1754928535301095"}},"dockerRegistry":"ARTIFACT_REGISTRY","serviceAccount":"projects/yapyap-a750c/serviceAccounts/175735257281-compute@developer.gserviceaccount.com","automaticUpdatePolicy":{}},"serviceConfig":{"service":"projects/yapyap-a750c/locations/asia-east1/services/bumpcommentcountondelete","timeoutSeconds":60,"environmentVariables":{"FIREBASE_CONFIG":"{\"projectId\":\"yapyap-a750c\",\"storageBucket\":\"yapyap-a750c.firebasestorage.app\"}","GCLOUD_PROJECT":"yapyap-a750c","EVENTARC_CLOUD_EVENT_SOURCE":"projects/yapyap-a750c/locations/asia-east1/services/bumpCommentCountOnDelete","FUNCTION_SIGNATURE_TYPE":"cloudevent","FUNCTION_TARGET":"bumpCommentCountOnDelete","LOG_EXECUTION_ID":"true"},"maxInstanceCount":20,"ingressSettings":"ALLOW_ALL","uri":"https://bumpcommentcountondelete-tk66pv64oq-de.a.run.app","serviceAccountEmail":"175735257281-compute@developer.gserviceaccount.com","availableMemory":"256Mi","allTrafficOnLatestRevision":true,"revision":"bumpcommentcountondelete-00002-bub","maxInstanceRequestConcurrency":80,"availableCpu":"1"},"eventTrigger":{"trigger":"projects/yapyap-a750c/locations/asia-east1/triggers/bumpcommentcountondelete-473047","triggerRegion":"asia-east1","eventType":"google.cloud.firestore.document.v1.deleted","eventFilters":[{"attribute":"document","value":"posts/{postId}/comments/{commentId}","operator":"match-path-pattern"},{"attribute":"database","value":"(default)"},{"attribute":"namespace","value":"(default)"}],"pubsubTopic":"projects/yapyap-a750c/topics/eventarc-asia-east1-bumpcommentcountondelete-473047-014","serviceAccountEmail":"175735257281-compute@developer.gserviceaccount.com","retryPolicy":"RETRY_POLICY_DO_NOT_RETRY"},"state":"DEPLOYING","updateTime":"2025-09-06T03:57:30.710515607Z","labels":{"firebase-functions-hash":"0792cccb6a21bad3439ca30b7e741974848552c7","deployment-tool":"cli-firebase"},"environment":"GEN_2","url":"https://asia-east1-yapyap-a750c.cloudfunctions.net/bumpCommentCountOnDelete","createTime":"2025-08-11T15:49:54.299924825Z","satisfiesPzi":true},{"name":"projects/yapyap-a750c/locations/asia-east1/functions/bumpCommentCountOnCreate","buildConfig":{"build":"projects/175735257281/locations/asia-east1/builds/a9bc3ea7-16b0-41ad-b23d-a4d323d8825e","runtime":"nodejs20","entryPoint":"bumpCommentCountOnCreate","source":{"storageSource":{"bucket":"gcf-v2-sources-175735257281-asia-east1","object":"bumpCommentCountOnCreate/function-source.zip","generation":"1754928535240601"}},"environmentVariables":{"GOOGLE_NODE_RUN_SCRIPTS":""},"dockerRepository":"projects/yapyap-a750c/locations/asia-east1/repositories/gcf-artifacts","sourceProvenance":{"resolvedStorageSource":{"bucket":"gcf-v2-sources-175735257281-asia-east1","object":"bumpCommentCountOnCreate/function-source.zip","generation":"1754928535240601"}},"dockerRegistry":"ARTIFACT_REGISTRY","serviceAccount":"projects/yapyap-a750c/serviceAccounts/175735257281-compute@developer.gserviceaccount.com","automaticUpdatePolicy":{}},"serviceConfig":{"service":"projects/yapyap-a750c/locations/asia-east1/services/bumpcommentcountoncreate","timeoutSeconds":60,"environmentVariables":{"FIREBASE_CONFIG":"{\"projectId\":\"yapyap-a750c\",\"storageBucket\":\"yapyap-a750c.firebasestorage.app\"}","GCLOUD_PROJECT":"yapyap-a750c","EVENTARC_CLOUD_EVENT_SOURCE":"projects/yapyap-a750c/locations/asia-east1/services/bumpCommentCountOnCreate","FUNCTION_SIGNATURE_TYPE":"cloudevent","FUNCTION_TARGET":"bumpCommentCountOnCreate","LOG_EXECUTION_ID":"true"},"maxInstanceCount":20,"ingressSettings":"ALLOW_ALL","uri":"https://bumpcommentcountoncreate-tk66pv64oq-de.a.run.app","serviceAccountEmail":"175735257281-compute@developer.gserviceaccount.com","availableMemory":"256Mi","allTrafficOnLatestRevision":true,"revision":"bumpcommentcountoncreate-00002-rem","maxInstanceRequestConcurrency":80,"availableCpu":"1"},"eventTrigger":{"trigger":"projects/yapyap-a750c/locations/asia-east1/triggers/bumpcommentcountoncreate-848324","triggerRegion":"asia-east1","eventType":"google.cloud.firestore.document.v1.created","eventFilters":[{"attribute":"database","value":"(default)"},{"attribute":"namespace","value":"(default)"},{"attribute":"document","value":"posts/{postId}/comments/{commentId}","operator":"match-path-pattern"}],"pubsubTopic":"projects/yapyap-a750c/topics/eventarc-asia-east1-bumpcommentcountoncreate-848324-470","serviceAccountEmail":"175735257281-compute@developer.gserviceaccount.com","retryPolicy":"RETRY_POLICY_DO_NOT_RETRY"},"state":"ACTIVE","updateTime":"2025-09-06T03:57:19.956808611Z","labels":{"deployment-tool":"cli-firebase","firebase-functions-hash":"0792cccb6a21bad3439ca30b7e741974848552c7"},"environment":"GEN_2","url":"https://asia-east1-yapyap-a750c.cloudfunctions.net/bumpCommentCountOnCreate","createTime":"2025-08-11T15:48:56.145311280Z","satisfiesPzi":true}]}
[debug] [2025-09-06T03:58:05.690Z] Checked if tokens are valid: true, expires at: 1757133151971
[debug] [2025-09-06T03:58:05.691Z] Checked if tokens are valid: true, expires at: 1757133151971
[debug] [2025-09-06T03:58:05.691Z] >>> [apiv2][query] GET https://firestore.googleapis.com/v1/projects/yapyap-a750c/databases/(default) [none]
[debug] [2025-09-06T03:58:05.831Z] <<< [apiv2][status] GET https://firestore.googleapis.com/v1/projects/yapyap-a750c/databases/(default) 200
[debug] [2025-09-06T03:58:05.832Z] <<< [apiv2][body] GET https://firestore.googleapis.com/v1/projects/yapyap-a750c/databases/(default) {"name":"projects/yapyap-a750c/databases/(default)","uid":"becd4b57-1b25-44e5-bf50-bbfd10dba86a","createTime":"2025-07-23T14:20:28.096321Z","updateTime":"2025-07-23T14:20:28.096321Z","locationId":"asia-east1","type":"FIRESTORE_NATIVE","concurrencyMode":"PESSIMISTIC","versionRetentionPeriod":"3600s","earliestVersionTime":"2025-09-06T02:58:10.205392Z","appEngineIntegrationMode":"DISABLED","keyPrefix":"zde","pointInTimeRecoveryEnablement":"POINT_IN_TIME_RECOVERY_DISABLED","deleteProtectionState":"DELETE_PROTECTION_DISABLED","databaseEdition":"STANDARD","freeTier":true,"etag":"IKqr0rOfw48DML6oge2W044D"}
[info] i  functions: ensuring required API run.googleapis.com is enabled... 
[info] i  functions: ensuring required API eventarc.googleapis.com is enabled... 
[info] i  functions: ensuring required API pubsub.googleapis.com is enabled... 
[info] i  functions: ensuring required API storage.googleapis.com is enabled... 
[info] i  functions: generating the service identity for pubsub.googleapis.com... 
[debug] [2025-09-06T03:58:05.836Z] Checked if tokens are valid: true, expires at: 1757133151971
[debug] [2025-09-06T03:58:05.837Z] Checked if tokens are valid: true, expires at: 1757133151971
[info] i  functions: generating the service identity for eventarc.googleapis.com... 
[debug] [2025-09-06T03:58:05.837Z] Checked if tokens are valid: true, expires at: 1757133151971
[debug] [2025-09-06T03:58:05.837Z] Checked if tokens are valid: true, expires at: 1757133151971
[debug] [2025-09-06T03:58:05.837Z] >>> [apiv2][query] POST https://serviceusage.googleapis.com/v1beta1/projects/175735257281/services/pubsub.googleapis.com:generateServiceIdentity [none]
[debug] [2025-09-06T03:58:05.837Z] >>> [apiv2][(partial)header] POST https://serviceusage.googleapis.com/v1beta1/projects/175735257281/services/pubsub.googleapis.com:generateServiceIdentity x-goog-quota-user=projects/175735257281
[debug] [2025-09-06T03:58:05.837Z] >>> [apiv2][body] POST https://serviceusage.googleapis.com/v1beta1/projects/175735257281/services/pubsub.googleapis.com:generateServiceIdentity {}
[debug] [2025-09-06T03:58:05.839Z] >>> [apiv2][query] POST https://serviceusage.googleapis.com/v1beta1/projects/175735257281/services/eventarc.googleapis.com:generateServiceIdentity [none]
[debug] [2025-09-06T03:58:05.839Z] >>> [apiv2][(partial)header] POST https://serviceusage.googleapis.com/v1beta1/projects/175735257281/services/eventarc.googleapis.com:generateServiceIdentity x-goog-quota-user=projects/175735257281
[debug] [2025-09-06T03:58:05.839Z] >>> [apiv2][body] POST https://serviceusage.googleapis.com/v1beta1/projects/175735257281/services/eventarc.googleapis.com:generateServiceIdentity {}
[debug] [2025-09-06T03:58:07.102Z] <<< [apiv2][status] POST https://serviceusage.googleapis.com/v1beta1/projects/175735257281/services/pubsub.googleapis.com:generateServiceIdentity 200
[debug] [2025-09-06T03:58:07.103Z] <<< [apiv2][body] POST https://serviceusage.googleapis.com/v1beta1/projects/175735257281/services/pubsub.googleapis.com:generateServiceIdentity {"name":"operations/finished.DONE_OPERATION","done":true,"response":{"@type":"type.googleapis.com/google.api.serviceusage.v1beta1.ServiceIdentity","email":"service-175735257281@gcp-sa-pubsub.iam.gserviceaccount.com","uniqueId":"116052344516734698394"}}
[debug] [2025-09-06T03:58:07.104Z] <<< [apiv2][status] POST https://serviceusage.googleapis.com/v1beta1/projects/175735257281/services/eventarc.googleapis.com:generateServiceIdentity 200
[debug] [2025-09-06T03:58:07.104Z] <<< [apiv2][body] POST https://serviceusage.googleapis.com/v1beta1/projects/175735257281/services/eventarc.googleapis.com:generateServiceIdentity {"name":"operations/finished.DONE_OPERATION","done":true,"response":{"@type":"type.googleapis.com/google.api.serviceusage.v1beta1.ServiceIdentity","email":"service-175735257281@gcp-sa-eventarc.iam.gserviceaccount.com","uniqueId":"103843826293465675803"}}
[debug] [2025-09-06T03:58:07.107Z] Checked if tokens are valid: true, expires at: 1757133151971
[debug] [2025-09-06T03:58:07.107Z] Checked if tokens are valid: true, expires at: 1757133151971
[debug] [2025-09-06T03:58:07.107Z] >>> [apiv2][query] GET https://cloudresourcemanager.googleapis.com/v1/projects/yapyap-a750c [none]
[debug] [2025-09-06T03:58:07.316Z] <<< [apiv2][status] GET https://cloudresourcemanager.googleapis.com/v1/projects/yapyap-a750c 200
[debug] [2025-09-06T03:58:07.316Z] <<< [apiv2][body] GET https://cloudresourcemanager.googleapis.com/v1/projects/yapyap-a750c {"projectNumber":"175735257281","projectId":"yapyap-a750c","lifecycleState":"ACTIVE","name":"yapyap","labels":{"firebase":"enabled","firebase-core":"disabled"},"createTime":"2025-07-23T13:28:16.281193Z"}
[debug] [2025-09-06T03:58:07.316Z] Checked if tokens are valid: true, expires at: 1757133151971
[debug] [2025-09-06T03:58:07.316Z] Checked if tokens are valid: true, expires at: 1757133151971
[debug] [2025-09-06T03:58:07.317Z] >>> [apiv2][query] GET https://compute.googleapis.com/compute/v1/projects/175735257281 [none]
[debug] [2025-09-06T03:58:07.560Z] <<< [apiv2][status] GET https://compute.googleapis.com/compute/v1/projects/175735257281 403
[debug] [2025-09-06T03:58:07.560Z] <<< [apiv2][body] GET https://compute.googleapis.com/compute/v1/projects/175735257281 {"error":{"code":403,"message":"Compute Engine API has not been used in project 175735257281 before or it is disabled. Enable it by visiting https://console.developers.google.com/apis/api/compute.googleapis.com/overview?project=175735257281 then retry. If you enabled this API recently, wait a few minutes for the action to propagate to our systems and retry.","errors":[{"message":"Compute Engine API has not been used in project 175735257281 before or it is disabled. Enable it by visiting https://console.developers.google.com/apis/api/compute.googleapis.com/overview?project=175735257281 then retry. If you enabled this API recently, wait a few minutes for the action to propagate to our systems and retry.","domain":"usageLimits","reason":"accessNotConfigured","extendedHelp":"https://console.developers.google.com"}],"status":"PERMISSION_DENIED","details":[{"@type":"type.googleapis.com/google.rpc.ErrorInfo","reason":"SERVICE_DISABLED","domain":"googleapis.com","metadata":{"serviceTitle":"Compute Engine API","activationUrl":"https://console.developers.google.com/apis/api/compute.googleapis.com/overview?project=175735257281","consumer":"projects/175735257281","service":"compute.googleapis.com","containerInfo":"175735257281"}},{"@type":"type.googleapis.com/google.rpc.LocalizedMessage","locale":"en-US","message":"Compute Engine API has not been used in project 175735257281 before or it is disabled. Enable it by visiting https://console.developers.google.com/apis/api/compute.googleapis.com/overview?project=175735257281 then retry. If you enabled this API recently, wait a few minutes for the action to propagate to our systems and retry."},{"@type":"type.googleapis.com/google.rpc.Help","links":[{"description":"Google developers console API activation","url":"https://console.developers.google.com/apis/api/compute.googleapis.com/overview?project=175735257281"}]}]}}
[debug] [2025-09-06T03:58:07.561Z] unable to look up default compute service account. Falling back to 175735257281-compute@developer.gserviceaccount.com. Error: {"name":"FirebaseError","children":[],"context":{"body":{"error":{"code":403,"message":"Compute Engine API has not been used in project 175735257281 before or it is disabled. Enable it by visiting https://console.developers.google.com/apis/api/compute.googleapis.com/overview?project=175735257281 then retry. If you enabled this API recently, wait a few minutes for the action to propagate to our systems and retry.","errors":[{"message":"Compute Engine API has not been used in project 175735257281 before or it is disabled. Enable it by visiting https://console.developers.google.com/apis/api/compute.googleapis.com/overview?project=175735257281 then retry. If you enabled this API recently, wait a few minutes for the action to propagate to our systems and retry.","domain":"usageLimits","reason":"accessNotConfigured","extendedHelp":"https://console.developers.google.com"}],"status":"PERMISSION_DENIED","details":[{"@type":"type.googleapis.com/google.rpc.ErrorInfo","reason":"SERVICE_DISABLED","domain":"googleapis.com","metadata":{"serviceTitle":"Compute Engine API","activationUrl":"https://console.developers.google.com/apis/api/compute.googleapis.com/overview?project=175735257281","consumer":"projects/175735257281","service":"compute.googleapis.com","containerInfo":"175735257281"}},{"@type":"type.googleapis.com/google.rpc.LocalizedMessage","locale":"en-US","message":"Compute Engine API has not been used in project 175735257281 before or it is disabled. Enable it by visiting https://console.developers.google.com/apis/api/compute.googleapis.com/overview?project=175735257281 then retry. If you enabled this API recently, wait a few minutes for the action to propagate to our systems and retry."},{"@type":"type.googleapis.com/google.rpc.Help","links":[{"description":"Google developers console API activation","url":"https://console.developers.google.com/apis/api/compute.googleapis.com/overview?project=175735257281"}]}]}},"response":{"statusCode":403}},"exit":1,"message":"Request to https://compute.googleapis.com/compute/v1/projects/175735257281 had HTTP Error: 403, Compute Engine API has not been used in project 175735257281 before or it is disabled. Enable it by visiting https://console.developers.google.com/apis/api/compute.googleapis.com/overview?project=175735257281 then retry. If you enabled this API recently, wait a few minutes for the action to propagate to our systems and retry.","status":403}
[debug] [2025-09-06T03:58:07.561Z] Checked if tokens are valid: true, expires at: 1757133151971
[debug] [2025-09-06T03:58:07.562Z] Checked if tokens are valid: true, expires at: 1757133151971
[debug] [2025-09-06T03:58:07.562Z] >>> [apiv2][query] GET https://compute.googleapis.com/compute/v1/projects/175735257281 [none]
[debug] [2025-09-06T03:58:07.748Z] <<< [apiv2][status] GET https://compute.googleapis.com/compute/v1/projects/175735257281 403
[debug] [2025-09-06T03:58:07.749Z] <<< [apiv2][body] GET https://compute.googleapis.com/compute/v1/projects/175735257281 {"error":{"code":403,"message":"Compute Engine API has not been used in project 175735257281 before or it is disabled. Enable it by visiting https://console.developers.google.com/apis/api/compute.googleapis.com/overview?project=175735257281 then retry. If you enabled this API recently, wait a few minutes for the action to propagate to our systems and retry.","errors":[{"message":"Compute Engine API has not been used in project 175735257281 before or it is disabled. Enable it by visiting https://console.developers.google.com/apis/api/compute.googleapis.com/overview?project=175735257281 then retry. If you enabled this API recently, wait a few minutes for the action to propagate to our systems and retry.","domain":"usageLimits","reason":"accessNotConfigured","extendedHelp":"https://console.developers.google.com"}],"status":"PERMISSION_DENIED","details":[{"@type":"type.googleapis.com/google.rpc.ErrorInfo","reason":"SERVICE_DISABLED","domain":"googleapis.com","metadata":{"service":"compute.googleapis.com","activationUrl":"https://console.developers.google.com/apis/api/compute.googleapis.com/overview?project=175735257281","consumer":"projects/175735257281","serviceTitle":"Compute Engine API","containerInfo":"175735257281"}},{"@type":"type.googleapis.com/google.rpc.LocalizedMessage","locale":"en-US","message":"Compute Engine API has not been used in project 175735257281 before or it is disabled. Enable it by visiting https://console.developers.google.com/apis/api/compute.googleapis.com/overview?project=175735257281 then retry. If you enabled this API recently, wait a few minutes for the action to propagate to our systems and retry."},{"@type":"type.googleapis.com/google.rpc.Help","links":[{"description":"Google developers console API activation","url":"https://console.developers.google.com/apis/api/compute.googleapis.com/overview?project=175735257281"}]}]}}
[debug] [2025-09-06T03:58:07.749Z] unable to look up default compute service account. Falling back to 175735257281-compute@developer.gserviceaccount.com. Error: {"name":"FirebaseError","children":[],"context":{"body":{"error":{"code":403,"message":"Compute Engine API has not been used in project 175735257281 before or it is disabled. Enable it by visiting https://console.developers.google.com/apis/api/compute.googleapis.com/overview?project=175735257281 then retry. If you enabled this API recently, wait a few minutes for the action to propagate to our systems and retry.","errors":[{"message":"Compute Engine API has not been used in project 175735257281 before or it is disabled. Enable it by visiting https://console.developers.google.com/apis/api/compute.googleapis.com/overview?project=175735257281 then retry. If you enabled this API recently, wait a few minutes for the action to propagate to our systems and retry.","domain":"usageLimits","reason":"accessNotConfigured","extendedHelp":"https://console.developers.google.com"}],"status":"PERMISSION_DENIED","details":[{"@type":"type.googleapis.com/google.rpc.ErrorInfo","reason":"SERVICE_DISABLED","domain":"googleapis.com","metadata":{"service":"compute.googleapis.com","activationUrl":"https://console.developers.google.com/apis/api/compute.googleapis.com/overview?project=175735257281","consumer":"projects/175735257281","serviceTitle":"Compute Engine API","containerInfo":"175735257281"}},{"@type":"type.googleapis.com/google.rpc.LocalizedMessage","locale":"en-US","message":"Compute Engine API has not been used in project 175735257281 before or it is disabled. Enable it by visiting https://console.developers.google.com/apis/api/compute.googleapis.com/overview?project=175735257281 then retry. If you enabled this API recently, wait a few minutes for the action to propagate to our systems and retry."},{"@type":"type.googleapis.com/google.rpc.Help","links":[{"description":"Google developers console API activation","url":"https://console.developers.google.com/apis/api/compute.googleapis.com/overview?project=175735257281"}]}]}},"response":{"statusCode":403}},"exit":1,"message":"Request to https://compute.googleapis.com/compute/v1/projects/175735257281 had HTTP Error: 403, Compute Engine API has not been used in project 175735257281 before or it is disabled. Enable it by visiting https://console.developers.google.com/apis/api/compute.googleapis.com/overview?project=175735257281 then retry. If you enabled this API recently, wait a few minutes for the action to propagate to our systems and retry.","status":403}
[debug] [2025-09-06T03:58:07.749Z] Checked if tokens are valid: true, expires at: 1757133151971
[debug] [2025-09-06T03:58:07.749Z] Checked if tokens are valid: true, expires at: 1757133151971
[debug] [2025-09-06T03:58:07.750Z] >>> [apiv2][query] GET https://compute.googleapis.com/compute/v1/projects/175735257281 [none]
[debug] [2025-09-06T03:58:07.950Z] <<< [apiv2][status] GET https://compute.googleapis.com/compute/v1/projects/175735257281 403
[debug] [2025-09-06T03:58:07.950Z] <<< [apiv2][body] GET https://compute.googleapis.com/compute/v1/projects/175735257281 {"error":{"code":403,"message":"Compute Engine API has not been used in project 175735257281 before or it is disabled. Enable it by visiting https://console.developers.google.com/apis/api/compute.googleapis.com/overview?project=175735257281 then retry. If you enabled this API recently, wait a few minutes for the action to propagate to our systems and retry.","errors":[{"message":"Compute Engine API has not been used in project 175735257281 before or it is disabled. Enable it by visiting https://console.developers.google.com/apis/api/compute.googleapis.com/overview?project=175735257281 then retry. If you enabled this API recently, wait a few minutes for the action to propagate to our systems and retry.","domain":"usageLimits","reason":"accessNotConfigured","extendedHelp":"https://console.developers.google.com"}],"status":"PERMISSION_DENIED","details":[{"@type":"type.googleapis.com/google.rpc.ErrorInfo","reason":"SERVICE_DISABLED","domain":"googleapis.com","metadata":{"activationUrl":"https://console.developers.google.com/apis/api/compute.googleapis.com/overview?project=175735257281","service":"compute.googleapis.com","consumer":"projects/175735257281","serviceTitle":"Compute Engine API","containerInfo":"175735257281"}},{"@type":"type.googleapis.com/google.rpc.LocalizedMessage","locale":"en-US","message":"Compute Engine API has not been used in project 175735257281 before or it is disabled. Enable it by visiting https://console.developers.google.com/apis/api/compute.googleapis.com/overview?project=175735257281 then retry. If you enabled this API recently, wait a few minutes for the action to propagate to our systems and retry."},{"@type":"type.googleapis.com/google.rpc.Help","links":[{"description":"Google developers console API activation","url":"https://console.developers.google.com/apis/api/compute.googleapis.com/overview?project=175735257281"}]}]}}
[debug] [2025-09-06T03:58:07.950Z] unable to look up default compute service account. Falling back to 175735257281-compute@developer.gserviceaccount.com. Error: {"name":"FirebaseError","children":[],"context":{"body":{"error":{"code":403,"message":"Compute Engine API has not been used in project 175735257281 before or it is disabled. Enable it by visiting https://console.developers.google.com/apis/api/compute.googleapis.com/overview?project=175735257281 then retry. If you enabled this API recently, wait a few minutes for the action to propagate to our systems and retry.","errors":[{"message":"Compute Engine API has not been used in project 175735257281 before or it is disabled. Enable it by visiting https://console.developers.google.com/apis/api/compute.googleapis.com/overview?project=175735257281 then retry. If you enabled this API recently, wait a few minutes for the action to propagate to our systems and retry.","domain":"usageLimits","reason":"accessNotConfigured","extendedHelp":"https://console.developers.google.com"}],"status":"PERMISSION_DENIED","details":[{"@type":"type.googleapis.com/google.rpc.ErrorInfo","reason":"SERVICE_DISABLED","domain":"googleapis.com","metadata":{"activationUrl":"https://console.developers.google.com/apis/api/compute.googleapis.com/overview?project=175735257281","service":"compute.googleapis.com","consumer":"projects/175735257281","serviceTitle":"Compute Engine API","containerInfo":"175735257281"}},{"@type":"type.googleapis.com/google.rpc.LocalizedMessage","locale":"en-US","message":"Compute Engine API has not been used in project 175735257281 before or it is disabled. Enable it by visiting https://console.developers.google.com/apis/api/compute.googleapis.com/overview?project=175735257281 then retry. If you enabled this API recently, wait a few minutes for the action to propagate to our systems and retry."},{"@type":"type.googleapis.com/google.rpc.Help","links":[{"description":"Google developers console API activation","url":"https://console.developers.google.com/apis/api/compute.googleapis.com/overview?project=175735257281"}]}]}},"response":{"statusCode":403}},"exit":1,"message":"Request to https://compute.googleapis.com/compute/v1/projects/175735257281 had HTTP Error: 403, Compute Engine API has not been used in project 175735257281 before or it is disabled. Enable it by visiting https://console.developers.google.com/apis/api/compute.googleapis.com/overview?project=175735257281 then retry. If you enabled this API recently, wait a few minutes for the action to propagate to our systems and retry.","status":403}
[debug] [2025-09-06T03:58:07.952Z] Checked if tokens are valid: true, expires at: 1757133151971
[debug] [2025-09-06T03:58:07.952Z] Checked if tokens are valid: true, expires at: 1757133151971
[debug] [2025-09-06T03:58:07.952Z] >>> [apiv2][query] GET https://cloudbilling.googleapis.com/v1/projects/yapyap-a750c/billingInfo [none]
[debug] [2025-09-06T03:58:08.982Z] <<< [apiv2][status] GET https://cloudbilling.googleapis.com/v1/projects/yapyap-a750c/billingInfo 200
[debug] [2025-09-06T03:58:08.982Z] <<< [apiv2][body] GET https://cloudbilling.googleapis.com/v1/projects/yapyap-a750c/billingInfo {"name":"projects/yapyap-a750c/billingInfo","projectId":"yapyap-a750c","billingAccountName":"billingAccounts/01D957-8B6F20-6D6057","billingEnabled":true}
[info] i  functions: Skipping the deploy of unchanged functions. 
[info] ✔  functions[bumpCommentCountOnCreate(asia-east1)] Skipped (No changes detected) 
[info] i  functions: updating Node.js 20 (2nd Gen) function bumpCommentCountOnDelete(asia-east1)... 
[debug] [2025-09-06T03:58:08.986Z] Precondition failed. Cannot update a GCFv2 function without storage
[info] i  functions: updating Node.js 20 (2nd Gen) function castVote(asia-east1)... 
[debug] [2025-09-06T03:58:08.986Z] Precondition failed. Cannot update a GCFv2 function without storage
[debug] [2025-09-06T03:58:08.992Z] Total Function Deployment time: 1
[debug] [2025-09-06T03:58:08.992Z] 2 Functions Deployed
[debug] [2025-09-06T03:58:08.992Z] 2 Functions Errored
[debug] [2025-09-06T03:58:08.992Z] 0 Function Deployments Aborted
[debug] [2025-09-06T03:58:08.992Z] Average Function Deployment time: 0
[info] 
[info] Functions deploy had errors with the following functions:
	bumpCommentCountOnDelete(asia-east1)
	castVote(asia-east1)
[debug] [2025-09-06T03:58:09.084Z] Checked if tokens are valid: true, expires at: 1757133151971
[debug] [2025-09-06T03:58:09.084Z] Checked if tokens are valid: true, expires at: 1757133151971
[debug] [2025-09-06T03:58:09.084Z] >>> [apiv2][query] GET https://artifactregistry.googleapis.com/v1/projects/yapyap-a750c/locations/asia-east1/repositories/gcf-artifacts [none]
[debug] [2025-09-06T03:58:09.250Z] <<< [apiv2][status] GET https://artifactregistry.googleapis.com/v1/projects/yapyap-a750c/locations/asia-east1/repositories/gcf-artifacts 200
[debug] [2025-09-06T03:58:09.250Z] <<< [apiv2][body] GET https://artifactregistry.googleapis.com/v1/projects/yapyap-a750c/locations/asia-east1/repositories/gcf-artifacts {"name":"projects/yapyap-a750c/locations/asia-east1/repositories/gcf-artifacts","format":"DOCKER","description":"This repository is created and used by Cloud Functions for storing function docker images.","labels":{"goog-managed-by":"cloudfunctions"},"createTime":"2025-08-11T14:51:48.127127Z","updateTime":"2025-08-12T19:22:17.055232Z","mode":"STANDARD_REPOSITORY","cleanupPolicies":{"firebase-functions-cleanup":{"id":"firebase-functions-cleanup","action":"DELETE","condition":{"tagState":"ANY","olderThan":"86400s"}}},"vulnerabilityScanningConfig":{"lastEnableTime":"2025-08-11T14:51:37.799229341Z","enablementState":"SCANNING_DISABLED","enablementStateReason":"API containerscanning.googleapis.com is not enabled."},"satisfiesPzi":true,"registryUri":"asia-east1-docker.pkg.dev/yapyap-a750c/gcf-artifacts"}
[debug] [2025-09-06T03:58:09.251Z] Functions deploy failed.
[debug] [2025-09-06T03:58:09.251Z] {}
[debug] [2025-09-06T03:58:09.251Z] {}
[error] Error: There was an error deploying functions:
[error] - Error Precondition failed
[error] - Error Precondition failed
